2026-05-29 17:41:21,864 INFO domain_layer stock snapshot acquired: name=ハーモニック･ドライブ･システム code=6324 acquired_at=2026-05-29 17:41:21 latest=7850.0 latest_price_source=intraday_5m latest_price_timestamp=2026-05-29 15:20 error=None diagnostics_count=0
2026-05-29 17:41:23,968 INFO domain_layer stock snapshot acquired: name=ハーモニック･ドライブ･システム code=6324 acquired_at=2026-05-29 17:41:23 latest=7850.0 latest_price_source=intraday_5m latest_price_timestamp=2026-05-29 15:20 error=None diagnostics_count=0
2026-05-29 17:41:36,398 INFO domain_layer stock snapshot acquired: name=安川電機 code=6506 acquired_at=2026-05-29 17:41:36 latest=7281.0 latest_price_source=intraday_5m latest_price_timestamp=2026-05-29 15:20 error=None diagnostics_count=0
2026-05-29 17:41:38,578 INFO domain_layer stock snapshot acquired: name=安川電機 code=6506 acquired_at=2026-05-29 17:41:38 latest=7281.0 latest_price_source=intraday_5m latest_price_timestamp=2026-05-29 15:20 error=None diagnostics_count=0
2026-05-29 17:41:42,617 INFO domain_layer stock snapshot acquired: name=日本電産 code=6594 acquired_at=2026-05-29 17:41:42 latest=2804.0 latest_price_source=intraday_5m latest_price_timestamp=2026-05-29 15:20 error=None diagnostics_count=0
2026-05-29 17:41:44,439 INFO domain_layer stock snapshot acquired: name=日本電産 code=6594 acquired_at=2026-05-29 17:41:44 latest=2804.0 latest_price_source=intraday_5m latest_price_timestamp=2026-05-29 15:20 error=None diagnostics_count=0
2026-05-29 17:41:49,985 INFO domain_layer stock snapshot acquired: name=日本トムソン code=6480 acquired_at=2026-05-29 17:41:49 latest=2292.0 latest_price_source=intraday_5m latest_price_timestamp=2026-05-29 15:20 error=None diagnostics_count=0
2026-05-29 17:41:52,150 INFO domain_layer stock snapshot acquired: name=日本トムソン code=6480 acquired_at=2026-05-29 17:41:52 latest=2292.0 latest_price_source=intraday_5m latest_price_timestamp=2026-05-29 15:20 error=None diagnostics_count=0
2026-05-29 17:42:04,846 INFO domain_layer stock snapshot acquired: name=キーエンス code=6861 acquired_at=2026-05-29 17:42:04 latest=80660.0 latest_price_source=intraday_5m latest_price_timestamp=2026-05-29 15:20 error=None diagnostics_count=0
2026-05-29 17:42:08,181 INFO domain_layer stock snapshot acquired: name=キーエンス code=6861 acquired_at=2026-05-29 17:42:08 latest=80660.0 latest_price_source=intraday_5m latest_price_timestamp=2026-05-29 15:20 error=None diagnostics_count=0
2026-05-29 17:42:13,160 INFO domain_layer stock snapshot acquired: name=フジクラ code=5803 acquired_at=2026-05-29 17:42:13 latest=4797.0 latest_price_source=intraday_5m latest_price_timestamp=2026-05-29 15:20 error=None diagnostics_count=0
2026-05-29 17:42:15,196 INFO domain_layer stock snapshot acquired: name=フジクラ code=5803 acquired_at=2026-05-29 17:42:15 latest=4797.0 latest_price_source=intraday_5m latest_price_timestamp=2026-05-29 15:20 error=None diagnostics_count=0
2026-05-29 17:42:29,124 INFO domain_layer stock snapshot acquired: name=コムシスHD code=1721 acquired_at=2026-05-29 17:42:29 latest=5452.0 latest_price_source=intraday_5m latest_price_timestamp=2026-05-29 15:20 error=None diagnostics_count=0
2026-05-29 17:42:31,235 INFO domain_layer stock snapshot acquired: name=コムシスHD code=1721 acquired_at=2026-05-29 17:42:31 latest=5452.0 latest_price_source=intraday_5m latest_price_timestamp=2026-05-29 15:20 error=None diagnostics_count=0
2026-05-29 17:42:59,294 INFO domain_layer stock snapshot acquired: name=大東建託 code=1878 acquired_at=2026-05-29 17:42:59 latest=3185.0 latest_price_source=intraday_5m latest_price_timestamp=2026-05-29 15:20 error=None diagnostics_count=0
2026-05-29 17:43:01,261 INFO domain_layer stock snapshot acquired: name=大東建託 code=1878 acquired_at=2026-05-29 17:43:01 latest=3185.0 latest_price_source=intraday_5m latest_price_timestamp=2026-05-29 15:20 error=None diagnostics_count=0
2026-05-29 17:43:04,633 INFO domain_layer stock snapshot acquired: name=積水ハウス code=1928 acquired_at=2026-05-29 17:43:04 latest=3377.0 latest_price_source=intraday_5m latest_price_timestamp=2026-05-29 15:20 error=None diagnostics_count=0
2026-05-29 17:43:06,998 INFO domain_layer stock snapshot acquired: name=積水ハウス code=1928 acquired_at=2026-05-29 17:43:06 latest=3377.0 latest_price_source=intraday_5m latest_price_timestamp=2026-05-29 15:20 error=None diagnostics_count=0
2026-05-29 18:02:10,645 INFO domain_layer stock snapshot acquired: name=大東建託 code=1878 acquired_at=2026-05-29 18:02:10 latest=3185.0 latest_price_source=intraday_5m latest_price_timestamp=2026-05-29 15:20 error=None diagnostics_count=0
2026-05-29 18:02:12,496 INFO domain_layer stock snapshot acquired: name=大東建託 code=1878 acquired_at=2026-05-29 18:02:12 latest=3185.0 latest_price_source=intraday_5m latest_price_timestamp=2026-05-29 15:20 error=None diagnostics_count=0
2026-05-29 18:02:18,159 INFO domain_layer stock snapshot acquired: name=積水ハウス code=1928 acquired_at=2026-05-29 18:02:18 latest=3377.0 latest_price_source=intraday_5m latest_price_timestamp=2026-05-29 15:20 error=None diagnostics_count=0
2026-05-29 18:02:20,283 INFO domain_layer stock snapshot acquired: name=積水ハウス code=1928 acquired_at=2026-05-29 18:02:20 latest=3377.0 latest_price_source=intraday_5m latest_price_timestamp=2026-05-29 15:20 error=None diagnostics_count=0
2026-05-29 18:02:25,789 INFO domain_layer stock snapshot acquired: name=SB code=9434 acquired_at=2026-05-29 18:02:25 latest=216.5 latest_price_source=intraday_5m latest_price_timestamp=2026-05-29 15:20 error=None diagnostics_count=0
2026-05-29 18:02:27,816 INFO domain_layer stock snapshot acquired: name=SB code=9434 acquired_at=2026-05-29 18:02:27 latest=216.5 latest_price_source=intraday_5m latest_price_timestamp=2026-05-29 15:20 error=None diagnostics_count=0
